mode: set
github.com/lcylpzls/metricsx/errors.go:13.13,18.2 4 1
github.com/lcylpzls/metricsx/metrics.go:32.44,34.27 2 1
github.com/lcylpzls/metricsx/metrics.go:34.27,35.17 1 1
github.com/lcylpzls/metricsx/metrics.go:35.17,37.4 1 1
github.com/lcylpzls/metricsx/metrics.go:39.2,39.44 1 1
github.com/lcylpzls/metricsx/metrics.go:39.44,41.3 1 1
github.com/lcylpzls/metricsx/metrics.go:42.2,45.8 1 1
github.com/lcylpzls/metricsx/metrics.go:51.61,52.26 1 1
github.com/lcylpzls/metricsx/metrics.go:52.26,54.3 1 1
github.com/lcylpzls/metricsx/metrics.go:55.2,56.16 2 1
github.com/lcylpzls/metricsx/metrics.go:56.16,58.3 1 1
github.com/lcylpzls/metricsx/metrics.go:59.2,59.38 1 1
github.com/lcylpzls/metricsx/metrics.go:63.83,64.26 1 1
github.com/lcylpzls/metricsx/metrics.go:64.26,66.3 1 1
github.com/lcylpzls/metricsx/metrics.go:67.2,68.16 2 1
github.com/lcylpzls/metricsx/metrics.go:68.16,70.3 1 1
github.com/lcylpzls/metricsx/metrics.go:71.2,71.49 1 1
github.com/lcylpzls/metricsx/metrics.go:76.40,77.27 1 1
github.com/lcylpzls/metricsx/metrics.go:77.27,78.27 1 1
github.com/lcylpzls/metricsx/metrics.go:78.27,80.4 1 1
github.com/lcylpzls/metricsx/metrics.go:82.2,82.13 1 1
github.com/lcylpzls/metricsx/metrics.go:87.75,88.16 1 1
github.com/lcylpzls/metricsx/metrics.go:88.16,90.3 1 1
github.com/lcylpzls/metricsx/metrics.go:91.2,93.37 3 1
github.com/lcylpzls/metricsx/metrics.go:93.37,95.3 1 1
github.com/lcylpzls/metricsx/metrics.go:96.2,96.40 1 1
github.com/lcylpzls/metricsx/metrics.go:96.40,99.3 1 1
github.com/lcylpzls/metricsx/metrics.go:100.2,100.42 1 1
github.com/lcylpzls/metricsx/metrics.go:100.42,103.3 1 1
github.com/lcylpzls/metricsx/metrics.go:104.2,105.12 2 1
github.com/lcylpzls/metricsx/metrics.go:109.52,111.2 1 1
github.com/lcylpzls/metricsx/metrics.go:115.57,116.55 1 1
github.com/lcylpzls/metricsx/metrics.go:116.55,118.3 1 1
github.com/lcylpzls/metricsx/metrics.go:119.2,119.74 1 1
github.com/lcylpzls/metricsx/metrics.go:124.82,125.40 1 1
github.com/lcylpzls/metricsx/metrics.go:125.40,127.3 1 1
github.com/lcylpzls/metricsx/metrics.go:128.2,130.40 3 1
github.com/lcylpzls/metricsx/metrics.go:130.40,132.3 1 1
github.com/lcylpzls/metricsx/metrics.go:133.2,135.9 3 1
github.com/lcylpzls/metricsx/metrics.go:135.9,137.3 1 1
github.com/lcylpzls/metricsx/metrics.go:138.2,143.53 2 1
github.com/lcylpzls/metricsx/metrics.go:143.53,146.3 1 1
github.com/lcylpzls/metricsx/metrics.go:147.2,148.12 2 1
github.com/lcylpzls/metricsx/metrics.go:152.86,153.42 1 1
github.com/lcylpzls/metricsx/metrics.go:153.42,155.3 1 1
github.com/lcylpzls/metricsx/metrics.go:156.2,158.42 3 1
github.com/lcylpzls/metricsx/metrics.go:158.42,160.3 1 1
github.com/lcylpzls/metricsx/metrics.go:161.2,163.9 3 1
github.com/lcylpzls/metricsx/metrics.go:163.9,165.3 1 1
github.com/lcylpzls/metricsx/metrics.go:166.2,172.53 2 1
github.com/lcylpzls/metricsx/metrics.go:172.53,175.3 1 1
github.com/lcylpzls/metricsx/metrics.go:176.2,177.12 2 1
github.com/lcylpzls/metricsx/metrics.go:182.84,183.39 1 1
github.com/lcylpzls/metricsx/metrics.go:183.39,184.40 1 1
github.com/lcylpzls/metricsx/metrics.go:184.40,186.4 1 1
github.com/lcylpzls/metricsx/metrics.go:187.3,187.19 1 1
github.com/lcylpzls/metricsx/metrics.go:189.2,190.24 2 1
github.com/lcylpzls/metricsx/metrics.go:190.24,192.3 1 1
github.com/lcylpzls/metricsx/metrics.go:193.2,193.63 1 1
github.com/lcylpzls/metricsx/metrics.go:198.39,199.41 1 1
github.com/lcylpzls/metricsx/metrics.go:199.41,201.3 1 1
github.com/lcylpzls/metricsx/metrics.go:202.2,204.33 3 1
github.com/lcylpzls/metricsx/metrics.go:204.33,207.51 2 1
github.com/lcylpzls/metricsx/metrics.go:207.51,209.4 1 1
github.com/lcylpzls/metricsx/metrics.go:209.9,211.4 1 1
github.com/lcylpzls/metricsx/metrics.go:213.2,213.18 1 1
github.com/lcylpzls/metricsx/metrics.go:213.18,215.3 1 1
github.com/lcylpzls/metricsx/metrics.go:216.2,216.19 1 1
github.com/lcylpzls/metricsx/options.go:26.29,31.2 1 1
github.com/lcylpzls/metricsx/options.go:38.38,39.25 1 1
github.com/lcylpzls/metricsx/options.go:39.25,39.45 1 1
github.com/lcylpzls/metricsx/options.go:44.51,45.25 1 1
github.com/lcylpzls/metricsx/options.go:45.25,45.43 1 1
github.com/lcylpzls/metricsx/options.go:49.44,50.25 1 1
github.com/lcylpzls/metricsx/options.go:50.25,50.48 1 1
github.com/lcylpzls/metricsx/options.go:54.39,55.74 1 1
github.com/lcylpzls/metricsx/options.go:55.74,58.3 1 1
github.com/lcylpzls/metricsx/options.go:59.2,59.25 1 1
github.com/lcylpzls/metricsx/options.go:59.25,61.3 1 1
github.com/lcylpzls/metricsx/options.go:62.2,62.32 1 1
github.com/lcylpzls/metricsx/options.go:62.32,63.13 1 1
github.com/lcylpzls/metricsx/options.go:63.13,65.4 1 1
github.com/lcylpzls/metricsx/options.go:67.2,67.12 1 1
